{
    "status": 200,
    "body": {
        "success": true,
        "data": {
            "data": [
                {
                    "id": "16",
                    "email": "we.fewf@fewf-fwe.fwe",
                    "name": "",
                    "options": "[]",
                    "deleted_at": null,
                    "created_at": "2026-01-26 18:39:52",
                    "updated_at": "2026-01-26 18:39:52"
                },
                {
                    "id": "13",
                    "email": "test@tetet.tetfefe",
                    "name": "aaajjjj",
                    "options": "[]",
                    "deleted_at": null,
                    "created_at": "2026-01-21 18:46:46",
                    "updated_at": "2026-01-25 23:53:47"
                },
                {
                    "id": "11",
                    "email": "ben@wointment.com",
                    "name": "fewfwef",
                    "options": "{\"tz\":\"Europe\\\/Brussels\",\"appointment_key\":false,\"phone\":\"+33 4 97 28 80 30\",\"rtl\":false,\"locale\":\"en_US\"}",
                    "deleted_at": null,
                    "created_at": "2026-01-19 21:49:29",
                    "updated_at": "2026-01-21 18:46:27"
                },
                {
                    "id": "10",
                    "email": "ben@wapp8ointment.com",
                    "name": "fewfwef",
                    "options": "{\"tz\":\"Europe\\\/Brussels\",\"appointment_key\":false,\"phone\":\"+33 4 97 28 80 30\",\"rtl\":false,\"locale\":\"en_US\"}",
                    "deleted_at": null,
                    "created_at": "2026-01-19 21:49:29",
                    "updated_at": "2026-01-19 21:50:36"
                },
                {
                    "id": "9",
                    "email": "ben@wap7pointment.com",
                    "name": "fewfwef",
                    "options": "{\"tz\":\"Europe\\\/Brussels\",\"appointment_key\":false,\"phone\":\"+33 4 97 28 80 30\",\"rtl\":false,\"locale\":\"en_US\"}",
                    "deleted_at": null,
                    "created_at": "2026-01-19 21:49:29",
                    "updated_at": "2026-01-19 21:50:36"
                },
                {
                    "id": "7",
                    "email": "ben@wap5pointment.com",
                    "name": "fewfwef",
                    "options": "{\"tz\":\"Europe\\\/Brussels\",\"appointment_key\":false,\"phone\":\"+33 4 97 28 80 30\",\"rtl\":false,\"locale\":\"en_US\"}",
                    "deleted_at": null,
                    "created_at": "2026-01-19 21:49:29",
                    "updated_at": "2026-01-19 21:50:36"
                },
                {
                    "id": "6",
                    "email": "ben@wapp4ointment.com",
                    "name": "fewfwef",
                    "options": "{\"tz\":\"Europe\\\/Brussels\",\"appointment_key\":false,\"phone\":\"+33 4 97 28 80 30\",\"rtl\":false,\"locale\":\"en_US\"}",
                    "deleted_at": null,
                    "created_at": "2026-01-19 21:49:29",
                    "updated_at": "2026-01-19 21:50:36"
                },
                {
                    "id": "5",
                    "email": "ben@wa3ppointment.com",
                    "name": "fewfwef",
                    "options": "{\"tz\":\"Europe\\\/Brussels\",\"appointment_key\":false,\"phone\":\"+33 4 97 28 80 30\",\"rtl\":false,\"locale\":\"en_US\"}",
                    "deleted_at": null,
                    "created_at": "2026-01-19 21:49:29",
                    "updated_at": "2026-01-19 21:50:36"
                },
                {
                    "id": "4",
                    "email": "ben@wa12ppointment.com",
                    "name": "fewfwef",
                    "options": "{\"tz\":\"Europe\\\/Brussels\",\"appointment_key\":false,\"phone\":\"+33 4 97 28 80 30\",\"rtl\":false,\"locale\":\"en_US\"}",
                    "deleted_at": null,
                    "created_at": "2026-01-19 21:49:29",
                    "updated_at": "2026-01-19 21:50:36"
                },
                {
                    "id": "3",
                    "email": "ben@wa1ppointment.com",
                    "name": "fewfwef",
                    "options": "{\"tz\":\"Europe\\\/Brussels\",\"appointment_key\":false,\"phone\":\"+33 4 97 28 80 30\",\"rtl\":false,\"locale\":\"en_US\"}",
                    "deleted_at": null,
                    "created_at": "2026-01-19 21:49:29",
                    "updated_at": "2026-01-19 21:50:36"
                }
            ],
            "total": 12,
            "page": 1,
            "per_page": 10,
            "total_pages": 2
        }
    }
}